[www.trendyol.com/girise68e.html]
[backblue.gif]
[fade.gif]
[index.html]
[www.trendyol.com/static/opensearch.html]
[www.trendyol.com/index.html]
[cdn.dsmcdn.com/frontend/web/production/common-vendor-core-27-jun-2024.bundle.js]
[cdn.dsmcdn.com/web/production/sfxFragmentInjector.c5546dc5.js]
[www.trendyol.com/GET]
[www.trendyol.com/giris82e6.html]
[www.trendyol.com/aboutus.html]
[www.trendyol.com/yardim/sorular.html]
[www.trendyol.com/giris37ed.html]
[www.trendyol.com/sepet.html]
[cdn.dsmcdn.com/mweb/master/web-login-register.b1c52fce4ad85131478c7614c7f681ef.js]
[www.trendyol.com/whoweare.html]
[www.trendyol.com/s/meet-us.html]
[www.trendyol.com/iletisim.html]
[www.trendyol.com/sustainability.html]
[www.trendyol.com/s/kampanyalar.html]
[www.trendyol.com/s/elite.html]
[www.trendyol.com/s/hediye-rehberi.html]
[www.trendyol.com/s/trendyol-indirim-gunleri.html]
[www.trendyol.com/yardim/sorular0b7f.html]
[www.trendyol.com/yardim/sorular/index.html]
[www.trendyol.com/yardim/sorular/1.html]
[www.trendyol.com/yardim/sorular/2002f55f.html]
[cdn.dsmcdn.com/web/production/etbis-qr.png]
[www.trendyol.com/kullanim_kosullari.html]
[www.trendyol.com/kisisel_verilerin_korunmasi.html]
[www.trendyol.com/sw.js]
[cdn.dsmcdn.com/web/master/account-navigation-v2.bundle.67dbc3564c546aecfa5a2745a5224073.js]
[cdn.dsmcdn.com/web/master/navigation-v2.2b143f5c159f04649ee858cd9316a1a4.js]
[cdn.dsmcdn.com/web/master/footer-tr.bundle.2112ba89c873315f4b5e648762cb7d7d.js]
[cdn.dsmcdn.com/web/master/scroll-up-tr.bundle.1d7239b07f9568bb538ae9032c491537.js]
[cdn.dsmcdn.com/web/master/az-popup.819decb7.js]
[www.trendyol.com/Trident/index.html]
[cdn.dsmcdn.com/web/master/az-popup.690e52e9.vendor.js]
[cdn.dsmcdn.com/web/master/legacy-az-popup.b62174fd.polyfills.js]
[cdn.cookielaw.org/scripttemplates/otSDKStub.js]
[cdn.dsmcdn.com/web/production/site.min.c5546dc5.js]
[www.trendyol.com/location.href]
[www.trendyol.com/girise68e.html]
[www.googletagmanager.com/gtm5445.html]
[www.trendyol.com/en/select-country0cef.html]
[www.trendyol.com/en/select-country3706.html]
[www.trendyol.com/en/select-country25b6.html]
[www.trendyol.com/en/select-country6988.html]
[www.trendyol.com/en/select-country9956.html]
[www.trendyol.com/en/select-country38d0.html]
[cdn.dsmcdn.com/frontend/web/production/dom-event-tracker-25a6a678fd.bundle.js]
[cdn.dsmcdn.com/mnresize/200/200/marketing/datascience/automation/2023/2/14/En_Cok_Satanlar_202302142041.png]
[www.trendyol.com/sr/indexb47b.html]
[www.trendyol.com/sanaozel/19040.html]
[cdn.dsmcdn.com/mnresize/200/200/marketing/datascience/automation/2023/2/14/Senin_Icin_Sectik_202302142041.png]
[www.trendyol.com/srd802.html]
[cdn.dsmcdn.com/mnresize/200/200/mnresize/200/200/marketing/datascience/automation/2023/10/27/Gazze_Web_Circlebanner_202310271210.png]
[www.trendyol.com/sr873b.html]
[cdn.dsmcdn.com/mnresize/200/200/marketing/datascience/automation/2024/2/21/Deskte_V12_202402210905.png]
[www.trendyol.com/butik/liste/101494/is-yerine-ozel.html]
[cdn.dsmcdn.com/mnresize/200/200/marketing/datascience/automation/2023/7/20/Widget_202307201111.png]
[www.trendyol.com/cardfinans-kart.html]
[cdn.dsmcdn.com/mnresize/200/200/marketing/datascience/automation/2023/7/26/Widget_202307261451.png]
[cdn.dsmcdn.com/mnresize/200/200/marketing/datascience/automation/2023/8/22/Kredilercircle_202308221603.png]
[www.trendyol.com/sr6b9e.html]
[cdn.dsmcdn.com/mnresize/200/200/marketing/datascience/automation/2023/1/26/Apple_202301262111.jpg]
[www.trendyol.com/srf8d1.html]
[cdn.dsmcdn.com/mnresize/200/200/marketing/datascience/automation/2023/1/27/Samsung_202301271715.jpg]
[www.trendyol.com/magaza/pull-bear-m-112044826b.html]
[cdn.dsmcdn.com/mnresize/200/200/marketing/datascience/automation/2023/3/31/Topstory_202303311553.jpg]
[www.trendyol.com/sr78ea.html]
[cdn.dsmcdn.com/mnresize/200/200/marketing/datascience/automation/2023/1/27/Philips_202301271558.jpg]
[www.trendyol.com/sraa6a.html]
[cdn.dsmcdn.com/mnresize/200/200/marketing/datascience/automation/2023/1/28/Xiaomi_202301280236.jpg]
[www.trendyol.com/magaza/karaca-zuccaciye-m-253958826b.html]
[cdn.dsmcdn.com/mnresize/200/200/marketing/datascience/automation/2023/2/13/Karaca_202302131917.jpg]
[www.trendyol.com/sr6e8a.html]
[cdn.dsmcdn.com/mnresize/200/200/marketing/datascience/automation/2023/1/28/Vestel_202301280121.jpg]
[www.trendyol.com/sr68f8.html]
[cdn.dsmcdn.com/mnresize/200/200/marketing/datascience/automation/2023/1/26/Adidas_202301262144.png]
[www.trendyol.com/sr3b1c.html]
[cdn.dsmcdn.com/mnresize/200/200/marketing/datascience/automation/2023/1/26/Bosch_202301262207.png]
[www.trendyol.com/magaza/stradivarius-m-150331826b.html]
[cdn.dsmcdn.com/mnresize/200/200/marketing/datascience/automation/2023/4/26/Stradivarius_202304260936.png]
[www.trendyol.com/magaza/defacto-m-1188826b.html]
[cdn.dsmcdn.com/mnresize/200/200/marketing/datascience/automation/2023/1/27/Defacto_202301270049.jpg]
[www.trendyol.com/magaza/penti-m-4442826b.html]
[cdn.dsmcdn.com/mnresize/200/200/marketing/datascience/automation/2023/3/7/Penti_202303072238.jpg]
[www.trendyol.com/magaza/mango-m-104723826b.html]
[cdn.dsmcdn.com/mnresize/200/200/marketing/datascience/automation/2023/1/27/Mango_202301270525.png]
[www.trendyol.com/srea8d.html]
[cdn.dsmcdn.com/mnresize/200/200/marketing/datascience/automation/2023/1/27/Roborock_202301271629.jpg]
[www.trendyol.com/magaza/boraks-m-113012826b.html]
[cdn.dsmcdn.com/mnresize/200/200/marketing/datascience/automation/2023/1/27/Kumtel_202301270326.png]
[www.trendyol.com/src6a3.html]
[cdn.dsmcdn.com/mnresize/200/200/marketing/datascience/automation/2023/1/26/Arzum_202301262152.png]
[www.trendyol.com/srdb75.html]
[cdn.dsmcdn.com/mnresize/200/200/marketing/datascience/automation/2023/1/27/Dyson_202301270049.jpg]
[www.trendyol.com/srb4c2.html]
[cdn.dsmcdn.com/mnresize/200/200/marketing/datascience/automation/2023/1/27/Sony_202301271715.jpg]
[www.trendyol.com/magaza/bershka-m-104961826b.html]
[cdn.dsmcdn.com/mnresize/200/200/marketing/datascience/automation/2023/4/26/Bershka_202304260943.png]
[cdn.dsmcdn.com/web/production/product-placeholder-v2.jpg]
[cdn.dsmcdn.com/web/background/Homepage.png]
[cdn.dsmcdn.com/marketing/datascience/automation/2024/5/29/ProductSliderBg_202405291606.png]
[www.trendyol.com/sre616.html]
[cdn.dsmcdn.com/web/production/small_boutique_placeholder.jpg]
[www.trendyol.com/sra1e1.html]
[www.trendyol.com/sr5f6d.html]
[www.trendyol.com/srec92.html]
[www.trendyol.com/sra0cb.html]
[www.trendyol.com/sr8247.html]
[www.trendyol.com/sr913d.html]
[www.trendyol.com/sr6c02.html]
[www.trendyol.com/sr5030.html]
[www.trendyol.com/sr0254.html]
[www.trendyol.com/sre8cd.html]
[www.trendyol.com/srac09.html]
[www.trendyol.com/srcd56.html]
[www.trendyol.com/sr4dbf.html]
[www.trendyol.com/22-ayar-bilezik-x-c1017-a78-v1474.html]
[www.trendyol.com/akilli-saat-x-c1240.html]
[www.trendyol.com/bluetooth-kulaklik-x-c108626.html]
[www.trendyol.com/telefon-x-c104025.html]
[www.trendyol.com/elektrikli-scooter-x-c110353.html]
[www.trendyol.com/laptop-x-c103108.html]
[www.trendyol.com/robot-supurge-x-c109453.html]
[www.trendyol.com/bisiklet-x-c104580.html]
[www.trendyol.com/camasir-makinesi-x-c103625.html]
[www.trendyol.com/iphone-xr-y-s7731.html]
[www.trendyol.com/abiye-elbise-x-c55.html]
[www.trendyol.com/tablet-x-c103665.html]
[www.trendyol.com/erkek-mont-x-g2-c118.html]
[www.trendyol.com/xiaomi-redmi-note-8-y-s6967.html]
[www.trendyol.com/spor-ayakkabi-x-c109.html]
[www.trendyol.com/calisma-masasi-x-c104497.html]
[www.trendyol.com/kulaklik-x-c92.html]
[www.trendyol.com/buzdolabi-x-c103623.html]
[www.trendyol.com/protein-tozu-x-c104165.html]
[www.trendyol.com/blazer-ceket-x-c150566.html]
[www.trendyol.com/penti-x-b125.html]
[www.trendyol.com/mango-x-b41.html]
[www.trendyol.com/vivense-x-b106268.html]
[www.trendyol.com/watsons-x-b862.html]
[www.trendyol.com/english-home-x-b108306.html]
[www.trendyol.com/bershka-x-b486.html]
[www.trendyol.com/stradivarius-x-b147.html]
[www.trendyol.com/the-north-face-x-b768.html]
[www.trendyol.com/beymen-x-b1227.html]
[www.trendyol.com/columbia-x-b156.html]
[www.trendyol.com/samsung-x-b794.html]
[www.trendyol.com/lumberjack-x-b318.html]
[www.trendyol.com/puma-x-b160.html]
[www.trendyol.com/mudo-x-b137.html]
[www.trendyol.com/derimod-x-b131.html]
[www.trendyol.com/apple-x-b101470.html]
[www.trendyol.com/new-balance-x-b128.html]
[www.trendyol.com/huawei-x-b103505.html]
[www.trendyol.com/xiaomi-x-b101939.html]
[www.trendyol.com/oppo-x-b109251.html]
[www.trendyol.com/monster-laptop-x-b105536-c103108.html]
[www.trendyol.com/birkenstock-x-b144.html]
[www.trendyol.com/arcelik-x-b626.html]
[www.trendyol.com/dyson-x-b102989.html]
[www.trendyol.com/adidas-x-b33.html]
[www.trendyol.com/nike-x-b44.html]
[www.trendyol.com/skechers-x-b658.html]
[www.trendyol.com/lacoste-x-b138.html]
[www.trendyol.com/avva-x-b257.html]
[www.trendyol.com/under-armour-x-b104189.html]
[www.trendyol.com/madame-coco-x-b52.html]
[www.trendyol.com/pull-bear-x-b592.html]
[www.trendyol.com/koton-x-b38.html]
[www.trendyol.com/defacto-x-b37.html]
[www.trendyol.com/mavi-x-b43.html]
[www.trendyol.com/pierre-cardin-x-b122.html]
[www.trendyol.com/tchibo-x-b993.html]
[www.trendyol.com/farmasi-x-b102841.html]
[www.trendyol.com/helly-hansen-x-b103495.html]
[www.trendyol.com/network-x-b149.html]
[www.trendyol.com/bosch-x-b786.html]
[www.trendyol.com/karaca-x-b325.html]
[www.trendyol.com/kigili-x-b234.html]
[www.trendyol.com/migros-x-b108894.html]
[www.trendyol.com/cat-x-b195.html]
[www.trendyol.com/apple-cep-telefonu-x-b101470-c103498.html]
[www.trendyol.com/samsung-cep-telefonu-x-b794-c103498.html]
[www.trendyol.com/s/azerbaycandan-alisveris-az.html]
[www.trendyol.com/nike-air-max-y-s4704.html]
[www.trendyol.com/iphone-15-y-s36308.html]
[www.trendyol.com/soba-isitici-x-c104083.html]
[www.trendyol.com/iphone-15-plus-y-s36309.html]
[www.trendyol.com/iphone-15-pro-y-s36310.html]
[www.trendyol.com/iphone-15-pro-max-y-s36311.html]
[www.trendyol.com/apple-akilli-saat-x-b101470-c1240.html]
[www.trendyol.com/bulasik-makinesi-x-c103621.html]
[www.trendyol.com/ogrencilere-vergisiz-telefon-y-s37602.html]
[www.trendyol.com/ogrencilere-vergisiz-laptop-y-s37603.html]
[www.trendyol.com/s/e-ihracat.html]
[www.trendyol.com/sirt-cantasi-x-c115.html]
[www.trendyol.com/apple-watch-series-9-y-s36312.html]
[www.trendyol.com/termos-x-c1193.html]
[www.trendyol.com/kadin-mont-x-g1-c118.html]
[www.trendyol.com/sinav-hazirlik-kitabi-x-c104360.html]
[www.trendyol.com/televizyon-x-c104156.html]
[www.trendyol.com/kahve-makinesi-x-c1079.html]
[www.trendyol.com/kitap-x-c91.html]
[www.trendyol.com/sneaker-x-c1172.html]
[www.trendyol.com/oyuncu-koltugu-x-c106333.html]
[www.trendyol.com/elbise-x-c56.html]
[www.trendyol.com/s/populer-aramalar.html]
[www.trendyol.com/s/populer-kategoriler.html]
[www.trendyol.com/dyson-airwrap-y-s7876.html]
[www.trendyol.com/apple-airpods-y-s7269.html]
[www.trendyol.com/roman-hikaye-ve-edebiyat-x-c142659.html]
[www.trendyol.com/s/blog.html]
[www.trendyol.com/s/markalar.html]
[www.trendyol.com/apple-laptop-x-b101470-c103108.html]
[cdn.dsmcdn.com/web/production/homepage.bundle.cc863acac06a9915c5a44c6934f505c7.js]
[cdn.dsmcdn.com/web/master/top-banner.5c4b8129.js]
[cdn.dsmcdn.com/web/master/top-banner.58daf184.vendor.js]
[cdn.dsmcdn.com/web/master/legacy-top-banner.a1b66345.polyfills.js]
[cdn.dsmcdn.com/web/production/sticky-header.min.c5546dc5.js]
[www.trendyol.com/index.html]
[www.trendyol.com/static/opensearch.html]
[cdn.dsmcdn.com/frontend/web/production/common-97ec81d433.style.css]
[cdn.dsmcdn.com/web/production/icomoon-1720511066728.eot]
[cdn.dsmcdn.com/web/production/icomoon-1720511066728.woff2]
[cdn.dsmcdn.com/web/production/icomoon-1720511066728.ttf]
[cdn.dsmcdn.com/web/production/icomoon-1720511066728.woff]
[cdn.dsmcdn.com/web/production/icomoon-1720511066728.css]
[cdn.dsmcdn.com/web/production/css-style.min.c5546dc5.css]
[www.trendyol.com/GET.html]
[www.trendyol.com/giris82e6.html]
[cdn.dsmcdn.com/frontend/web/assets/images/social-iconset.png]
[cdn.dsmcdn.com/web/prod/nr.2.js]
[www.trendyol.com/guvenli_alisveris.html]
[www.trendyol.com/cerez_politikasi.html]
[www.trendyol.com/iletisim_aydinlatma_metni.html]
[www.trendyol.com/islemrehberi.html]
[www.trendyol.com/azerbaycan_kisisel_verilerin_korunmasi.html]
[www.trendyol.com/uyelik_sozlesmesi.html]
[cdn.dsmcdn.com/sfx/bundles/web-sfx/ssr/client/n.82740.3cc2bab1-0.js]
[cdn.dsmcdn.com/sfx/bundles/web-sfx/ssr/client/n.5556.c0b16331-0.js]
[cdn.dsmcdn.com/sfx/bundles/web-sfx/ssr/client/n.98587.71ea571c-0.js]
[cdn.dsmcdn.com/sfx/bundles/web-sfx/ssr/client/n.21518.dc1e4e73-0.js]
[cdn.dsmcdn.com/sfx/bundles/web-sfx/ssr/client/n.27800.7c695da1-0.js]
[cdn.dsmcdn.com/sfx/bundles/web-sfx/ssr/client/n.49922.c5b170d5-0.js]
[cdn.dsmcdn.com/sfx/bundles/web-sfx/ssr/client/n.18348.13e4d911-0.js]
[cdn.dsmcdn.com/sfx/bundles/web-sfx/ssr/client/n.76203.891ccf37-0.js]
[cdn.dsmcdn.com/sfx/bundles/web-sfx/ssr/client/m.prod.ccaa9b89a74153784695-0.js]
[cdn.dsmcdn.com/web/corporatepage/allteamsm.jpg]
[cdn.dsmcdn.com/web/production/talent-awards.jpg]
[www.trendyol.com/cdn-cgi/l/email-protection.html]
[www.trendyol.com/en/select-country0a5b.html]
[www.trendyol.com/en/select-countrya3b2.html]
[www.trendyol.com/cdn-cgi/scripts/5c5dd728/cloudflare-static/email-decode.min.js]
[www.trendyol.com/aboutus.html]
[www.trendyol.com/yardim/GET]
[cdn.dsmcdn.com/web/master/product_procedure_landing_page_second.png]
[cdn.dsmcdn.com/web/master/product_procedure_landing_page_third.png]
[cdn.dsmcdn.com/web/master/product_procedure_landing_page_fourth.png]
[cdn.dsmcdn.com/web/master/product_procedure_landing_page_fifth.png]
[cdn.dsmcdn.com/mobile/milla/yardim/V3/01_populer_sorular.jpg]
[cdn.dsmcdn.com/mobile/milla/yardim/V6/02_iade.jpg]
[cdn.dsmcdn.com/mobile/milla/yardim/V4/03_kargo_ve_teslimat.jpg]
[cdn.dsmcdn.com/mobile/milla/yardim/V3/04_siparisler.jpg]
[cdn.dsmcdn.com/mobile/milla/yardim/V3/05_trendyol_milla_com_hakkinda.jpg]
[cdn.dsmcdn.com/mobile/milla/yardim/V3/06_hesabim.jpg]
[cdn.dsmcdn.com/mobile/milla/yardim/V3/07_urun_alisveris.jpg]
[cdn.dsmcdn.com/mobile/milla/yardim/V6/08_islemrehberi2.jpg]
[cdn.dsmcdn.com/mobile/milla/yardim/V3/09_iletisim.jpg]
[cdn.dsmcdn.com/mobile/milla/yardim/V4/10_trendyolda_guvenlik.jpg]
[cdn.dsmcdn.com/web/master/support.bundle.7870b74141b9644dc90ce65c7c350273.js]
[www.trendyol.com/yardim/location.href]
[www.trendyol.com/yardim/sorular.html]
[cdn.dsmcdn.com/web/master/account-navigation-v2.style.7c951f2de61f071fe897128bb29e2fb4.css]
[www.trendyol.com/giris37ed.html]
[www.trendyol.com/sepet.html]
[cdn.dsmcdn.com/web/master/navigation-v2.0e568a80c4b5541f22b7066bdc4fc5e1.css]
[cdn.dsmcdn.com/frontend/web/assets/images/troy-logo-transparent.png]
[www.trendyol.com/yardim/Trident/index.html]
[cdn.dsmcdn.com/web/production/footer-master-card.png]
[cdn.dsmcdn.com/web/production/footer-visa-black.png]
[cdn.dsmcdn.com/web/production/footer-amex.png]
[cdn.dsmcdn.com/web/master/footer-tr.style.ac49aab94ae6921e90bfcb61d5a0a84b.css]
[cdn.dsmcdn.com/web/master/scroll-up-tr.style.f55af680bcb70ba01432e020561c07c9.css]
[cdn.dsmcdn.com/frontend/web/assets/images/trust-stamp.png]
[www.trendyol.com/whoweare.html]
[www.trendyol.com/s/GET.html]
[cdn.dsmcdn.com/mrktng/crm/EN/staticPage/sizeGuide/close.png]
[cdn.dsmcdn.com/mrktng/seo/intmeetus/decacorn_cup.png]
[cdn.dsmcdn.com/mrktng/seo/intmeetus/world_map.png]
[cdn.dsmcdn.com/web/corporate/AboutUS-BoxImage.jpg]
[cdn.dsmcdn.com/mrktng/seo/intmeetus/corporate-ty-campus.png]
[cdn.dsmcdn.com/web/corporate/press-photo-3.jpg]
[cdn.dsmcdn.com/static-content/prod/jquery.min.js]
[www.trendyol.com/s/Trident/index.html]
[www.trendyol.com/s/meet-us.html]
[www.trendyol.com/s/location.html]
[www.trendyol.com/butik/liste/1/kadin.html]
[www.trendyol.com/butik/liste/2/erkek.html]
[www.trendyol.com/butik/liste/3/anne-cocuk.html]
[www.trendyol.com/butik/liste/12/ev-yasam.html]
[www.trendyol.com/butik/liste/16/supermarket.html]
[www.trendyol.com/butik/liste/11/kozmetik.html]
[www.trendyol.com/butik/liste/9/ayakkabi-canta.html]
[www.trendyol.com/butik/liste/5/elektronik.html]
[www.trendyol.com/butik/liste/22/spor-outdoor.html]
[www.trendyol.com/cok-satanlar79e1.html]
[www.trendyol.com/sr8bc6.html]
[www.trendyol.com/iletisim.html]
[www.trendyol.com/uyelik_sozlesmesi-2.html]
[cdn.dsmcdn.com/mweb/production/sustainability-tr-bg.jpg]
[cdn.dsmcdn.com/sfx/bundles/web-sfx/ssr/client/a.f6cbd823f1051fe40477.jpg]
[www.trendyol.com/sustainability.html]
[cdn.dsmcdn.com/mweb/production/social_impact_materiality_tr.jpg]
[cdn.dsmcdn.com/digital-engagement/prod/sci/ty/bonus.png]
[cdn.dsmcdn.com/digital-engagement/prod/sci/ty/yapikredi.png]
[cdn.dsmcdn.com/digital-engagement/prod/sci/ty/maximum.png]
[cdn.dsmcdn.com/digital-engagement/prod/sci/ty/qnb.png]
[cdn.dsmcdn.com/digital-engagement/prod/sci/ty/paraf.png]
[cdn.dsmcdn.com/digital-engagement/prod/sci/ty/axess.png]
[cdn.dsmcdn.com/digital-engagement/prod/sci/ty/ziraat.png]
[cdn.dsmcdn.com/digital-engagement/prod/sci/ty/saglamkart.png]
[www.trendyol.com/s/kampanyalar.html]
[cdn.dsmcdn.com/mrktng/crm/2022/mails/15/km_d.png]
[cdn.dsmcdn.com/mrktng/crm/2022/mails/15/km_m.png]
[cdn.dsmcdn.com/assets/t/y/creative/bnr/staticPage/2021/feb/elite/img/elite-ayricaliklari.png]
[cdn.dsmcdn.com/mrktng/crm/2022/stpage/may/10/100.jpg]
[cdn.dsmcdn.com/assets/t/y/creative/bnr/staticPage/2021/feb/elite/img/section-four.png]
[www.trendyol.com/s/elite.html]
[cdn.dsmcdn.com/assets/t/y/creative/bnr/staticPage/2021/feb/elite/img/footer.png]
[cdnjs.cloudflare.com/ajax/libs/Swiper/6.7.5/swiper-bundle.css]
[cdn.dsmcdn.com/mrktng/seo/22haziran19/topbanner.png]
[www.trendyol.com/s/dogum-gunu-hediyesi.html]
[cdn.dsmcdn.com/mrktng/seo/22haziran19/dogumgunuhediyeleri.png]
[www.trendyol.com/s/ev-hediyesi.html]
[cdn.dsmcdn.com/mrktng/seo/22haziran19/evaletleri.png]
[www.trendyol.com/bebek-hediyelik-x-c104155.html]
[cdn.dsmcdn.com/mrktng/seo/22haziran19/yenidoganbebekhediyeleri.png]
[www.trendyol.com/s/mezuniyet-hediyesi.html]
[cdn.dsmcdn.com/mrktng/seo/22haziran19/mezuniyethediyeleri.png]
[www.trendyol.com/s/kisiye-ozel-hediye.html]
[cdn.dsmcdn.com/mrktng/seo/22haziran19/kisiyeozelhediyeler.png]
[www.trendyol.com/s/karaktere-gore-hediye.html]
[cdn.dsmcdn.com/mrktng/seo/22haziran19/karakteregorehediyeler.png]
[www.trendyol.com/s/arkadasa-hediye.html]
[cdn.dsmcdn.com/mrktng/seo/22haziran19/arkadaslarahediyeler.png]
[www.trendyol.com/s/cocuklara-hediye.html]
[cdn.dsmcdn.com/mrktng/seo/22haziran19/cocuklarahediyeler.png]
[www.trendyol.com/s/yilbasi-hediyeleri.html]
[cdn.dsmcdn.com/mrktng/seo/22haziran19/yilbasihediyeleri.png]
[www.trendyol.com/sevgililer-gunu-hediyesi-y-s39350.html]
[cdn.dsmcdn.com/mrktng/seo/22haziran19/sevgililergunuhediyeleri.png]
[www.trendyol.com/kadinlar-gunu-hediyesi-y-s39354.html]
[cdn.dsmcdn.com/mrktng/seo/22haziran19/kadinlargunuhediyeleri.png]
[www.trendyol.com/s/anneler-gunu.html]
[cdn.dsmcdn.com/mrktng/seo/22haziran19/annelergunuhediyeleri.png]
[www.trendyol.com/s/babalar-gunu.html]
[cdn.dsmcdn.com/mrktng/seo/22haziran19/babalargunuhediyeleri.png]
[www.trendyol.com/s/23-nisan-hediyeleri.html]
[cdn.dsmcdn.com/mrktng/seo/22haziran19/23nisanhediyeleri.png]
[www.trendyol.com/s/hediye-rehberi.html]
[cdnjs.cloudflare.com/ajax/libs/Swiper/8.0.7/swiper-bundle.min.js]
[cdnjs.cloudflare.com/ajax/libs/Swiper/9.0.5/swiper-bundle.css]
[www.trendyol.com/s/buyuk-nisan.html]
[www.trendyol.com/s/yaz-alisverisi.html]
[www.trendyol.com/s/okul-alisverisi.html]
[www.trendyol.com/s/mega-eylul.html]
[www.trendyol.com/s/11-kasim-super-alisveris-gunleri.html]
[www.trendyol.com/s/efsane-gunler.html]
[www.trendyol.com/s/trendyol-yemek.html]
[www.trendyol.com/s/hizli-market.html]
[www.trendyol.com/s/dolap-com.html]
[cdn.dsmcdn.com/mrktng/seo/tyindirimgunleristatik/kadinlar.png]
[cdn.dsmcdn.com/mrktng/seo/tyindirimgunleristatik/babalar.png]
[cdn.dsmcdn.com/mrktng/seo/tyindirimgunleristatik/anneler.png]
[www.trendyol.com/karne-hediyesi-y-s39351.html]
[cdn.dsmcdn.com/mrktng/seo/tyindirimgunleristatik/karne.png]
[www.trendyol.com/s/cadilar-bayrami-firsatlari.html]
[cdn.dsmcdn.com/mrktng/seo/tyindirimgunleristatik/cadilar.png]
[www.trendyol.com/s/dunya-kitap-gunu.html]
[cdn.dsmcdn.com/mrktng/seo/tyindirimgunleristatik/dunya_kitap.png]
[www.trendyol.com/s/superman-day-hediyeleri.html]
[cdn.dsmcdn.com/mrktng/seo/tyindirimgunleristatik/superman.png]
[www.trendyol.com/s/dunya-spor-gunu.html]
[cdn.dsmcdn.com/mrktng/seo/tyindirimgunleristatik/dunya_spor_gunu.png]
[www.trendyol.com/s/star-wars-hediyeleri.html]
[cdn.dsmcdn.com/mrktng/seo/tyindirimgunleristatik/starwars.png]
[www.trendyol.com/s/ucretsiz-kargo.html]
[www.trendyol.com/s/gel-al-noktasi.html]
[www.trendyol.com/s/sigorta.html]
[www.trendyol.com/s/kurumsal-fatura.html]
[www.trendyol.com/s/trendyol-alisveris-kredisi.html]
[cdn.dsmcdn.com/mrktng/seo/tyindirimgunleristatik/hediye_rehberi.png]
[www.trendyol.com/s/sepette-iyilik.html]
[cdn.dsmcdn.com/mrktng/seo/tyindirimgunleristatik/bir_tik_iyilik_yap.png]
[www.trendyol.com/influencerbasvuru.html]
[www.trendyol.com/s/ramazan-alisverisi-kampanyasi.html]
[www.trendyol.com/cep-telefonu-x-c103498.html]
[www.trendyol.com/mobilyanin-vazgecilmezleri/butikdetay/603424/ev--mobilya]
[www.trendyol.com/s/yedikce-fırsatları.html]
[www.trendyol.com/s/trendyol-indirim-gunleri.html]
[cdnjs.cloudflare.com/ajax/libs/Swiper/9.0.5/swiper-bundle.min.js]
[www.trendyol.com/yardim/sorular/GET.html]
[www.trendyol.com/yardim/sorular/index.html]
[www.trendyol.com/yardim/sorular0b7f.html]
[www.trendyol.com/yardim/sorular/1.html]
[www.trendyol.com/yardim/sorular/2002f55f.html]
[www.trendyol.com/yardim/sorular/Trident/index.html]
[www.trendyol.com/kullanim_kosullari.html]
[www.trendyol.com/kisisel_verilerin_korunmasi.html]
[cdn.dsmcdn.com/web/master/az-popup.1405e5e7.css]
[www.trendyol.com/Trident/index.html]
[www.trendyol.com/location.html]
[cdn.dsmcdn.com/web/production/product-detail-slider-next-arrow.png]
[www.trendyol.com/null/s/favicon.ico]
[www.trendyol.com/_lang/index.html]
[cdn.dsmcdn.com/mweb/master/delphoi.service.d3cb070fa7e1c4fab4c4da926c2b153b.js]
[cdn.dsmcdn.com/mweb/master/gtm.service.2eb4576027d0dec0dbe10bdebe6afb15.js]
[cdn.dsmcdn.com/mweb/master/library.2815ffcb53986c64db7ce79c6ad6b60e.js]
[cdn.dsmcdn.com/mweb/master/puzzle.min.5a8436eef9f460e76c6ed7fc79ee5d94.js]
[cdn.dsmcdn.com/mweb/master/country-selection.bundle.cf38a6fd5ec4a86d83739396b660b5a0.js]
[www.trendyol.com/en/select-country0cef.html]
[www.trendyol.com/en/select-country3706.html]
[www.trendyol.com/en/select-country25b6.html]
[www.trendyol.com/en/select-country6988.html]
[www.trendyol.com/en/select-country9956.html]
[www.trendyol.com/en/select-country38d0.html]
[cdn.dsmcdn.com/web/master/top-banner.284befce.css]
[cdn.dsmcdn.com/web/production/homepage.5cb90386be33fc717bcc651284f74db3.css]
[cdn.dsmcdn.com/web/production/collection-slider-background2.png]
[www.trendyol.com/sr/GET]
[cdn.dsmcdn.com/web/production/breadCrumbPlaceHolder.png]
[www.trendyol.com/srcd16.html]
[www.trendyol.com/sr46a1.html]
[www.trendyol.com/srdc06.html]
[www.trendyol.com/sr2bdc.html]
[www.trendyol.com/srbcdb.html]
[www.trendyol.com/srcf48.html]
[www.trendyol.com/sr36c8.html]
[www.trendyol.com/sr09b0.html]
[www.trendyol.com/src6a3-2.html]
[www.trendyol.com/sr59da.html]
[www.trendyol.com/sr22dd.html]
[www.trendyol.com/src285.html]
[www.trendyol.com/sr5995.html]
[www.trendyol.com/sr65bc.html]
[www.trendyol.com/srd5e2.html]
[www.trendyol.com/sr8b43.html]
[www.trendyol.com/sr42d5.html]
[www.trendyol.com/sr9f24.html]
[www.trendyol.com/srac09-2.html]
[www.trendyol.com/sr6146.html]
[www.trendyol.com/sra340.html]
[www.trendyol.com/sr2e50.html]
[www.trendyol.com/sr279d.html]
[www.trendyol.com/sr13db.html]
[www.trendyol.com/sr65cf.html]
[www.trendyol.com/sr8187.html]
[www.trendyol.com/sr1dee.html]
[www.trendyol.com/sre410.html]
[www.trendyol.com/sr7d6f.html]
[www.trendyol.com/sr8df6.html]
[www.trendyol.com/src4ab.html]
[www.trendyol.com/sred24.html]
[www.trendyol.com/sr4243.html]
[www.trendyol.com/sr4a4d.html]
[www.trendyol.com/sr6e3e.html]
[www.trendyol.com/sr4258.html]
[www.trendyol.com/sr9b42.html]
[www.trendyol.com/sr830d.html]
[www.trendyol.com/src7e9.html]
[www.trendyol.com/sr5846.html]
[www.trendyol.com/srfe18.html]
[www.trendyol.com/sr7b82.html]
[www.trendyol.com/sr08e1.html]
[www.trendyol.com/sr9196.html]
[www.trendyol.com/sr4f17.html]
[www.trendyol.com/sr91e7.html]
[www.trendyol.com/sr14de.html]
[www.trendyol.com/sr2110.html]
[www.trendyol.com/sre1c0.html]
[www.trendyol.com/sre693.html]
[www.trendyol.com/sr6464.html]
[www.trendyol.com/srb75e.html]
[www.trendyol.com/sr60e9.html]
[www.trendyol.com/sr1389.html]
[www.trendyol.com/srd1be.html]
[www.trendyol.com/sre535.html]
[www.trendyol.com/srda7a.html]
[www.trendyol.com/sr4651.html]
[www.trendyol.com/src331.html]
[www.trendyol.com/sr4549.html]
[www.trendyol.com/sr4ad8.html]
[www.trendyol.com/srfe62.html]
[www.trendyol.com/sr0a96.html]
[www.trendyol.com/sr2fa5.html]
[www.trendyol.com/sr41bb.html]
[www.trendyol.com/sra91a.html]
[www.trendyol.com/sra7ad.html]
[www.trendyol.com/sr9b19.html]
[www.trendyol.com/sr1404.html]
[www.trendyol.com/srcfe6.html]
[www.trendyol.com/srf7e3.html]
[www.trendyol.com/sr7fe4.html]
[www.trendyol.com/sr8238.html]
[www.trendyol.com/srb89a.html]
[www.trendyol.com/sra6fa.html]
[www.trendyol.com/sraa61.html]
[www.trendyol.com/srd9e0.html]
[www.trendyol.com/sr9056.html]
[www.trendyol.com/sr7620.html]
[www.trendyol.com/sr1d44.html]
[www.trendyol.com/sr404a.html]
[www.trendyol.com/sr6cc0.html]
[www.trendyol.com/sr9dee.html]
[www.trendyol.com/sr3335.html]
[www.trendyol.com/sr59b9.html]
[www.trendyol.com/srce18.html]
[www.trendyol.com/srdcd1.html]
[www.trendyol.com/sr25fd.html]
[www.trendyol.com/sr6077.html]
[www.trendyol.com/sr9f96.html]
[www.trendyol.com/sr700f.html]
[www.trendyol.com/sr27c6.html]
[www.trendyol.com/sr5ad6.html]
[www.trendyol.com/srab94.html]
[www.trendyol.com/sr32c2.html]
[www.trendyol.com/srf6ba.html]
[www.trendyol.com/sr5350.html]
[www.trendyol.com/srb808.html]
[www.trendyol.com/sr0b66.html]
[www.trendyol.com/sr866a.html]
[www.trendyol.com/sr6ca1.html]
[www.trendyol.com/srce4c.html]
[www.trendyol.com/sr7e44.html]
[www.trendyol.com/sr5721.html]
[www.trendyol.com/sraae0.html]
[www.trendyol.com/sr86f9.html]
[www.trendyol.com/sr75b0.html]
[www.trendyol.com/sr5af7.html]
[www.trendyol.com/sr1746.html]
[www.trendyol.com/sr2cbf.html]
[www.trendyol.com/srbc1b.html]
[www.trendyol.com/srbede.html]
[www.trendyol.com/sr251c.html]
[www.trendyol.com/sr0a17.html]
[www.trendyol.com/sr8cdf.html]
[www.trendyol.com/srccba.html]
[www.trendyol.com/sr6211.html]
[www.trendyol.com/sr3555.html]
[www.trendyol.com/sr3f66.html]
[www.trendyol.com/sr1198.html]
[www.trendyol.com/sr1b49.html]
[www.trendyol.com/sr945f.html]
[www.trendyol.com/srd7ce.html]
[www.trendyol.com/sr28df.html]
[www.trendyol.com/sr5153.html]
[www.trendyol.com/sre3d5.html]
[www.trendyol.com/srf3db.html]
[www.trendyol.com/sr25fe.html]
[www.trendyol.com/src073.html]
[www.trendyol.com/sr9815.html]
[www.trendyol.com/sr8ff7.html]
[www.trendyol.com/sr9375.html]
[www.trendyol.com/srad0c.html]
[www.trendyol.com/sre216.html]
[www.trendyol.com/srb924.html]
[www.trendyol.com/srbe0a.html]
[www.trendyol.com/sr8617.html]
[www.trendyol.com/sraa6d.html]
[www.trendyol.com/srfab0.html]
[www.trendyol.com/sr8e65.html]
[www.trendyol.com/sr3567.html]
[www.trendyol.com/srd4ee.html]
[www.trendyol.com/sr50cb.html]
[www.trendyol.com/sr73aa.html]
[www.trendyol.com/sr0520.html]
[www.trendyol.com/srd6df.html]
[www.trendyol.com/srdcc1.html]
[www.trendyol.com/sr1cad.html]
[www.trendyol.com/sr5f82.html]
[www.trendyol.com/sr3684.html]
[www.trendyol.com/sr676d.html]
[www.trendyol.com/sr7c51.html]
[www.trendyol.com/sr4c87.html]
[www.trendyol.com/sref75.html]
[www.trendyol.com/sr9a5f.html]
[www.trendyol.com/sr3ce1.html]
[www.trendyol.com/sr3ed2.html]
[www.trendyol.com/sr3934.html]
[www.trendyol.com/srbacc.html]
[www.trendyol.com/src608.html]
[www.trendyol.com/sr522f.html]
[www.trendyol.com/sra7d3.html]
[www.trendyol.com/sr4e64.html]
[www.trendyol.com/sr8449.html]
[www.trendyol.com/sr2348.html]
[www.trendyol.com/sre48c.html]
[www.trendyol.com/srefde.html]
[www.trendyol.com/srbeea.html]
[www.trendyol.com/sr8677.html]
[www.trendyol.com/sr0df0.html]
[www.trendyol.com/sr18ac.html]
[www.trendyol.com/srcd80.html]
[www.trendyol.com/sr06f0.html]
[www.trendyol.com/src018.html]
[www.trendyol.com/sr27bd.html]
[www.trendyol.com/sr1f64.html]
[www.trendyol.com/sr6772.html]
[www.trendyol.com/src57c.html]
[www.trendyol.com/sr0a72.html]
[www.trendyol.com/sr163b.html]
[www.trendyol.com/sre62e.html]
[www.trendyol.com/sr199d.html]
[www.trendyol.com/src1a1.html]
[www.trendyol.com/srb883.html]
[www.trendyol.com/sr556e.html]
[www.trendyol.com/sr92bf.html]
[www.trendyol.com/sr1faa.html]
[www.trendyol.com/sr1d55.html]
[www.trendyol.com/src255.html]
[www.trendyol.com/sr33ee.html]
[www.trendyol.com/srba4f.html]
[www.trendyol.com/sr0142.html]
[www.trendyol.com/srac27.html]
[www.trendyol.com/sr9649.html]
[www.trendyol.com/sr3552.html]
[www.trendyol.com/sr19be.html]
[www.trendyol.com/sr2b0b.html]
[www.trendyol.com/sr479e.html]
[www.trendyol.com/sr9ec2.html]
[www.trendyol.com/sr836a.html]
[www.trendyol.com/sr5bc6.html]
[www.trendyol.com/sr4295.html]
[www.trendyol.com/sr5017.html]
[www.trendyol.com/sr20ba.html]
[www.trendyol.com/srb8cb.html]
[www.trendyol.com/sr9dee-2.html]
[www.trendyol.com/sr02d0.html]
[www.trendyol.com/sr45de.html]
[www.trendyol.com/sr6135.html]
[www.trendyol.com/srca95.html]
[www.trendyol.com/sr01c9.html]
[www.trendyol.com/srf57b.html]
[www.trendyol.com/sr5f30.html]
[www.trendyol.com/src34c.html]
[www.trendyol.com/sref67.html]
[www.trendyol.com/sre83c.html]
[www.trendyol.com/sr63d7.html]
[www.trendyol.com/sr6666.html]
[www.trendyol.com/srce5f.html]
[www.trendyol.com/srcc77.html]
[www.trendyol.com/sr907b.html]
[www.trendyol.com/sr0bbe.html]
[www.trendyol.com/sr9ea4.html]
[www.trendyol.com/sra9f1.html]
[www.trendyol.com/sr1e44.html]
[www.trendyol.com/sr37fd.html]
[www.trendyol.com/sr4ca2.html]
[www.trendyol.com/sr1ac3.html]
[www.trendyol.com/sr2d05.html]
[www.trendyol.com/sr4442.html]
[www.trendyol.com/srf43d.html]
[www.trendyol.com/sr5ac6.html]
[www.trendyol.com/sr71b8.html]
[www.trendyol.com/src198.html]
[www.trendyol.com/srcfa6.html]
[www.trendyol.com/sr7b23.html]
[www.trendyol.com/sr8aa9.html]
[www.trendyol.com/sr219e.html]
[www.trendyol.com/sreacd.html]
[www.trendyol.com/sr14ca.html]
[www.trendyol.com/sr91a7.html]
[www.trendyol.com/srba14.html]
[www.trendyol.com/sr5034.html]
[www.trendyol.com/sr8af0.html]
[www.trendyol.com/sr99a3.html]
[www.trendyol.com/sr9133.html]
[www.trendyol.com/sr6631.html]
[www.trendyol.com/sr41b3.html]
[www.trendyol.com/sre61c.html]
[www.trendyol.com/sr001a.html]
[www.trendyol.com/sra72d.html]
[www.trendyol.com/sr905f.html]
[www.trendyol.com/sr9003.html]
[www.trendyol.com/sr3f2f.html]
[www.trendyol.com/sr6c89.html]
[www.trendyol.com/sr5eaa.html]
[www.trendyol.com/sr6a88.html]
[www.trendyol.com/sra1f1.html]
[www.trendyol.com/srf71c.html]
[www.trendyol.com/sr1ba1.html]
[www.trendyol.com/sra4e4.html]
[www.trendyol.com/sre719.html]
[www.trendyol.com/sr8dd0.html]
[www.trendyol.com/srb99f.html]
[www.trendyol.com/srdaa7.html]
[www.trendyol.com/sr4f53.html]
[www.trendyol.com/srf6b8.html]
[www.trendyol.com/sr47c3.html]
[www.trendyol.com/sr3221.html]
[www.trendyol.com/sr2423.html]
[www.trendyol.com/srb026.html]
[www.trendyol.com/srb4fc.html]
[www.trendyol.com/sr5b86.html]
[www.trendyol.com/src39d.html]
[www.trendyol.com/sr482f.html]
[www.trendyol.com/srec28.html]
[www.trendyol.com/sr27aa.html]
[www.trendyol.com/sr8a5a.html]
[www.trendyol.com/sr46c2.html]
[www.trendyol.com/srff3b.html]
[www.trendyol.com/sr4162.html]
[www.trendyol.com/sr10ae.html]
[www.trendyol.com/sr2bb8.html]
[www.trendyol.com/srbb84.html]
[www.trendyol.com/sra52f.html]
[www.trendyol.com/sr3c79.html]
[www.trendyol.com/sreaaf.html]
[www.trendyol.com/srdf5e.html]
[www.trendyol.com/sr4ea4.html]
[www.trendyol.com/sr5098.html]
[www.trendyol.com/sr283d.html]
[www.trendyol.com/sr1152.html]
[www.trendyol.com/sr8145.html]
[www.trendyol.com/sr7591.html]
[www.trendyol.com/sr2d7c.html]
[www.trendyol.com/sr2014.html]
[www.trendyol.com/sr52d2.html]
[www.trendyol.com/sr7143.html]
[www.trendyol.com/sr1cf7.html]
[www.trendyol.com/srd72a.html]
[www.trendyol.com/sr64a6.html]
[www.trendyol.com/sr141e.html]
[www.trendyol.com/sr3076.html]
[www.trendyol.com/sr75bc.html]
[www.trendyol.com/sr9875.html]
[www.trendyol.com/sr8966.html]
[www.trendyol.com/sr462e.html]
[www.trendyol.com/sr8d86.html]
[www.trendyol.com/srb755.html]
[www.trendyol.com/srf1d6.html]
[www.trendyol.com/srcf61.html]
[www.trendyol.com/srfa8d.html]
[www.trendyol.com/sr624d.html]
[www.trendyol.com/sr0bf5.html]
[www.trendyol.com/sr70cb.html]
[www.trendyol.com/sr6f1b.html]
[www.trendyol.com/sr41cb.html]
[www.trendyol.com/srf11f.html]
[www.trendyol.com/srb02b.html]
[www.trendyol.com/srdfc7.html]
[www.trendyol.com/srf5d3.html]
[www.trendyol.com/sr09de.html]
[www.trendyol.com/srdb35.html]
[www.trendyol.com/sr8919.html]
[www.trendyol.com/sr18d2.html]
[www.trendyol.com/src289.html]
[www.trendyol.com/srfc45.html]
[www.trendyol.com/sr2f55.html]
[www.trendyol.com/sr3f2f-2.html]
[www.trendyol.com/sr9a00.html]
[www.trendyol.com/sra13d.html]
[www.trendyol.com/sr7d8a.html]
[www.trendyol.com/sr6da6.html]
[www.trendyol.com/sr556a.html]
[www.trendyol.com/sr6003.html]
[www.trendyol.com/srab7c.html]
[www.trendyol.com/sr51f8.html]
[www.trendyol.com/sr1559.html]
[www.trendyol.com/srca04.html]
[www.trendyol.com/sr226d.html]
[www.trendyol.com/srde99.html]
[www.trendyol.com/sr3e86.html]
[www.trendyol.com/sr1556.html]
[www.trendyol.com/srfc91.html]
[www.trendyol.com/sr6ffc.html]
[www.trendyol.com/sr97b1.html]
[www.trendyol.com/sr7b81.html]
[www.trendyol.com/sracea.html]
[www.trendyol.com/srbbbc.html]
[www.trendyol.com/srd429.html]
[www.trendyol.com/sr561e.html]
[www.trendyol.com/sr5453.html]
[www.trendyol.com/sr0a30.html]
[www.trendyol.com/srca23.html]
[www.trendyol.com/sr776b.html]
[www.trendyol.com/srabf6.html]
[www.trendyol.com/sr123b.html]
[www.trendyol.com/srfa31.html]
[www.trendyol.com/sr53ae.html]
[www.trendyol.com/sr6bd6.html]
[www.trendyol.com/srf1da.html]
[www.trendyol.com/sr86ee.html]
[www.trendyol.com/srace9.html]
[www.trendyol.com/sre7a2.html]
[www.trendyol.com/sradfd.html]
[www.trendyol.com/srf1ee.html]
[www.trendyol.com/srf190.html]
[www.trendyol.com/srdce9.html]
[www.trendyol.com/sr3094.html]
[www.trendyol.com/sr/indexb47b.html]
[www.trendyol.com/sanaozel/19040.html]
[www.trendyol.com/srd802.html]
[www.trendyol.com/sr873b.html]
[www.trendyol.com/butik/liste/101494/is-yerine-ozel.html]
[www.trendyol.com/cardfinans-kart.html]
[www.trendyol.com/sr6b9e.html]
